error: The two expressions did not evaluate to the same value
   ┌─ identities/identity_d1/identity_d1.prot:12:13
   │
12 │   assert_eq(s, DUT.s);
   │             ^^^^^^^^ LHS Value: ValueOwned(00000000000000000000000000000100), RHS Value: ValueOwned(00000000000000000000000000000011)

