Error
error: Reached the maximum number of steps: 4

