---
source: src/frontend/typecheck.rs
expression: content
---

