error: Thread 0 (transaction 'two_fork_err') attempted to fork more than once
   ┌─ identities/identity_d2/identity_d2.prot:21:3
   │
21 │   fork();
   │   ^^^^^^^ first fork() called here
   ·
24 │   fork();
   │   ^^^^^^^ second fork() called here

