---
source: protocols/src/typecheck.rs
expression: content
---

