---
source: protocols/src/serialize.rs
expression: content
---

