---
source: src/typecheck.rs
expression: content
---

