---
source: src/typecheck.rs
expression: content
---
warning: Inferred RHS type as BitVec(32) from LHS type BitVec(32).
   ┌─ tests/adders/adder_d1/add_d1.prot:12:3
   │
12 │   DUT.a := X;
   │   ^^^^^^^^^^^ Inferred RHS type as BitVec(32) from LHS type BitVec(32).

warning: Inferred RHS type as BitVec(32) from LHS type BitVec(32).
   ┌─ tests/adders/adder_d1/add_d1.prot:13:3
   │
13 │   DUT.b := X;
   │   ^^^^^^^^^^^ Inferred RHS type as BitVec(32) from LHS type BitVec(32).
