---
source: src/interpreter.rs
expression: content
snapshot_kind: text
---
Assertion Passed

warning: Inferring step value to be 1.
   ┌─ tests/add_struct.prot:11:3
   │
11 │   step();
   │   ^^^^^^^ Inferring step value to be 1.
