---
source: src/typecheck.rs
expression: content
snapshot_kind: text
---

