---
source: src/parser.rs
expression: content
---
struct Dummy {
  in a: u1,
}

fn invalid_step<dut: Dummy>(in a: u1, in b: u1, out s: u1) {
  a := b;
  fork();
  step(dut);
  s := 0;
}
